<?xml version="1.0" encoding="UTF-8"?>
<TestRun id="27ca6428-6eae-434c-ac2a-d81045e02af6" name="Nastasia@PC-NASTASIA 2014-04-02 19:36:26" runUser="PC-Nastasia\Nastasia" xmlns="http://microsoft.com/schemas/VisualStudio/TeamTest/2010">
  <TestSettings name="Local" id="221d5609-1a74-4e2e-9e77-aec13e8e1146">
    <Description>These are default test settings for a local test run.</Description>
    <Deployment enabled="false" runDeploymentRoot="Nastasia_PC-NASTASIA 2014-04-02 19_36_26">
      <DeploymentItem filename="D:\GitHub\Lab03\Calculator\Calculator\bin\Debug\Calculator.exe" />
    </Deployment>
    <Execution>
      <TestTypeSpecific />
      <AgentRule name="Execution Agents">
      </AgentRule>
    </Execution>
  </TestSettings>
  <Times creation="2014-04-02T19:36:26.6157195+06:00" queuing="2014-04-02T19:36:34.8791922+06:00" start="2014-04-02T19:36:35.2482133+06:00" finish="2014-04-02T19:36:38.4813982+06:00" />
  <ResultSummary outcome="Completed">
    <Counters total="1" executed="1" passed="1" error="0" failed="0" timeout="0" aborted="0" inconclusive="0" passedButRunAborted="0" notRunnable="0" notExecuted="0" disconnected="0" warning="0" completed="0" inProgress="0" pending="0" />
  </ResultSummary>
  <TestDefinitions>
    <UnitTest name="Calctlnit" storage="d:\github\lab03\calculator\calculatortest\bin\debug\calculatortest.dll" id="6262bce9-5466-468d-ec21-4828aed2399e">
      <Execution id="9663a13c-659a-43bd-aa9c-87a0144584b2" />
      <TestMethod codeBase="D:/GitHub/Lab03/Calculator/CalculatorTest/bin/Debug/CalculatorTest.DLL" adapterTypeName="Microsoft.VisualStudio.TestTools.TestTypes.Unit.UnitTestAdapter, Microsoft.VisualStudio.QualityTools.Tips.UnitTest.Adapter, Version=10.0.0.0, Culture=neutral, PublicKeyToken=b03f5f7f11d50a3a" className="CalculatorTest.CalculTest, CalculatorTest, Version=1.0.0.0, Culture=neutral, PublicKeyToken=null" name="Calctlnit" />
    </UnitTest>
  </TestDefinitions>
  <TestLists>
    <TestList name="Results Not in a List" id="8c84fa94-04c1-424b-9868-57a2d4851a1d" />
    <TestList name="All Loaded Results" id="19431567-8539-422a-85d7-44ee4e166bda" />
  </TestLists>
  <TestEntries>
    <TestEntry testId="6262bce9-5466-468d-ec21-4828aed2399e" executionId="9663a13c-659a-43bd-aa9c-87a0144584b2" testListId="8c84fa94-04c1-424b-9868-57a2d4851a1d" />
  </TestEntries>
  <Results>
    <UnitTestResult executionId="9663a13c-659a-43bd-aa9c-87a0144584b2" testId="6262bce9-5466-468d-ec21-4828aed2399e" testName="Calctlnit" computerName="PC-NASTASIA" duration="00:00:00.0717125" startTime="2014-04-02T19:36:35.5072281+06:00" endTime="2014-04-02T19:36:38.3813925+06:00" testType="13cdc9d9-ddb5-4fa4-a97d-d965ccfc6d4b" outcome="Passed" testListId="8c84fa94-04c1-424b-9868-57a2d4851a1d" relativeResultsDirectory="9663a13c-659a-43bd-aa9c-87a0144584b2">
    </UnitTestResult>
  </Results>
</TestRun>